// Jest Snapshot v1, https://goo.gl/fbAQLP

exports[`AppNavigationButton renders 1`] = `
<Connect(NavigationLink)
  activeClassName="AppNavigationButton--active"
  className="AppNavigationButton qaNavHome"
  to="/home"
>
  <Home
    size="20"
  />
  <ScreenreaderText>
    Home
  </ScreenreaderText>
</Connect(NavigationLink)>
`;
